// Jest Snapshot v1, https://goo.gl/fbAQLP

exports[`Sample test jsx Should be the component rendered here 1`] = `
<div>
  Sample
</div>
`;
